cnf/lst/run.sh.include.lst
.editorconfig
cnf/lst/run.sh.exclude.lst
cnf/lst/run.sh.include.lst
lib/bash/funcs/export-json-section-vars.func.sh
lib/bash/funcs/flush-screen.func.sh
lib/bash/funcs/mac-install-bins.func.sh
lib/bash/funcs/manjaro-install-bins.func.sh
lib/bash/funcs/morph-dir.func.sh
lib/bash/funcs/parse-ini-section-vars.func.sh
lib/bash/funcs/require-var.func.sh
lib/bash/funcs/set-vars-on-alpine.func.sh
lib/bash/funcs/set-vars-on-mac.func.sh
lib/bash/funcs/set-vars-on-suse.func.sh
lib/bash/funcs/set-vars-on-ubuntu.func.sh
lib/bash/funcs/suse-install-bins.func.sh
lib/bash/funcs/test-helpers.sh
lib/bash/funcs/ubuntu-install-bins.func.sh
lib/bash/funcs/zip-me.func.sh
src/bash/run/morph-module.func.sh
src/bash/run/print-usage.func.sh
src/bash/run/run.sh
src/bash/run/scan-to-list-file.func.sh
src/bash/run/set-vars-on-alpine.func.sh
src/bash/run/set-vars-on-mac.func.sh
src/bash/run/set-vars-on-manjaro.func.sh
src/bash/run/set-vars-on-suse.func.sh
src/bash/run/set-vars-on-ubuntu.func.sh
src/bash/run/zip-me-as-module.func.sh
