cnf/lst/tpl-gen.include.lst
.editorconfig
Makefile
cnf/lst/run.sh.exclude.lst
cnf/lst/run.sh.include.lst
cnf/lst/tpl-gen.exclude.lst
cnf/lst/tpl-gen.include.lst
lib/bash/funcs/arch-install-bins.func.sh
lib/bash/funcs/export-json-section-vars.func.sh
lib/bash/funcs/flush-screen.func.sh
lib/bash/funcs/get-env-var.func.sh
lib/bash/funcs/list-dockers.func.sh
lib/bash/funcs/mac-install-bins.func.sh
lib/bash/funcs/manjaro-install-bins.func.sh
lib/bash/funcs/morph-dir.func.sh
lib/bash/funcs/new-issue.func.sh
lib/bash/funcs/oae.func.sh
lib/bash/funcs/parse-ini-section-vars.func.sh
lib/bash/funcs/read-conf-section.func.sh
lib/bash/funcs/relative-path.func.sh
lib/bash/funcs/require-var.func.sh
lib/bash/funcs/resolve-dirname.func.sh
lib/bash/funcs/set-vars-on-alpine.func.sh
lib/bash/funcs/set-vars-on-mac.func.sh
lib/bash/funcs/set-vars-on-suse.func.sh
lib/bash/funcs/set-vars-on-ubuntu.func.sh
lib/bash/funcs/suse-install-bins.func.sh
lib/bash/funcs/test-helpers.sh
lib/bash/funcs/ubuntu-install-bins.func.sh
lib/bash/funcs/zip-me.func.sh
lib/docker/tpl-gen/x86_64/Dockerfile.01.from-python-3.8.3-alpine
lib/docker/tpl-gen/x86_64/Dockerfile.02.arg-vars
lib/docker/tpl-gen/x86_64/Dockerfile.03.alpine-os-utils
lib/docker/tpl-gen/x86_64/Dockerfile.04.alpine-backend-utils
lib/docker/tpl-gen/x86_64/Dockerfile.05.install-pip
lib/docker/tpl-gen/x86_64/Dockerfile.06.install-poetry
lib/docker/tpl-gen/x86_64/Dockerfile.07.add-os-user
lib/docker/tpl-gen/x86_64/Dockerfile.08.copy-proj-dir
lib/docker/tpl-gen/x86_64/Dockerfile.09.install-py-modules
lib/docker/tpl-gen/x86_64/Dockerfile.10.docker-init
lib/make/demand-var.func.mk
lib/make/docker-task.mk
lib/make/install-img.func.mk
lib/make/make-help.func.mk
lib/make/new-issue.func.mk
lib/make/prune-docker-system.func.mk
lib/make/zip-me.func.mk
lib/tpl/docker-task.mk
src/bash/run/check-install-poetry.func.sh
src/bash/run/check-install-py-modules.func.sh
src/bash/run/docker-init-tpl-gen.sh
src/bash/run/morph-dir.func.sh
src/bash/run/morph-module.func.sh
src/bash/run/print-usage.func.sh
src/bash/run/restart-container.func.sh
src/bash/run/run.sh
src/bash/run/scan-to-list-file.func.sh
src/bash/run/set-vars-on-alpine.func.sh
src/bash/run/set-vars-on-mac.func.sh
src/bash/run/set-vars-on-manjaro.func.sh
src/bash/run/set-vars-on-suse.func.sh
src/bash/run/set-vars-on-ubuntu.func.sh
src/bash/run/zip-me-as-module.func.sh
src/bash/run/zip-till-commit.func.sh
src/bash/scripts/docker-init-tpl-gen.sh
src/bash/scripts/export-aws-hosted-zone-into-file.sh
src/docker/tpl-gen/Dockerfile
src/docker/tpl-gen/Dockerfile.arm64
src/docker/tpl-gen/Dockerfile.x86_64
src/make/install-img-tpl-gen.func.mk
src/make/local-run-tpl-gen.incl.mk
src/perl/dockerfile-generator.pl
src/python/tpl-gen/.coveragerc
src/python/tpl-gen/.pylintrc
src/python/tpl-gen/.tplignore
src/python/tpl-gen/console_utils/__init__.py
src/python/tpl-gen/console_utils/console_utils.py
src/python/tpl-gen/poetry.lock
src/python/tpl-gen/poetry.toml
src/python/tpl-gen/pyproject.toml
src/python/tpl-gen/pytest.ini
src/python/tpl-gen/tests/test_tpl_gen.py
src/python/tpl-gen/tpl_gen/__init__.py
src/python/tpl-gen/tpl_gen/tpl_gen.py
