cnf/lst/tpl-gen.include.lst
.editorconfig
.git/COMMIT_EDITMSG
.git/FETCH_HEAD
.git/HEAD
.git/ORIG_HEAD
.git/config
.git/description
.git/hooks/applypatch-msg.sample
.git/hooks/commit-msg.sample
.git/hooks/fsmonitor-watchman.sample
.git/hooks/post-update.sample
.git/hooks/pre-applypatch.sample
.git/hooks/pre-commit.sample
.git/hooks/pre-merge-commit.sample
.git/hooks/pre-push.sample
.git/hooks/pre-rebase.sample
.git/hooks/pre-receive.sample
.git/hooks/prepare-commit-msg.sample
.git/hooks/push-to-checkout.sample
.git/hooks/update.sample
.git/index
.git/info/exclude
.git/objects/04/313c52f87b7a0d137a5bab98ea46fb0298acdc
.git/objects/0a/96e0175d659e52731fd597cff0224337bd3a14
.git/objects/11/8b2db7e915b365353a7ae2e786ee48666dd901
.git/objects/11/f857efe01dc802fef39b5ed53058ea085070ce
.git/objects/13/8f275fe77c8e03675c978dc81e88a763943d0e
.git/objects/17/a04f0771bd6c706120b6955131c15a198b7fb2
.git/objects/1a/616c7b2c120811d2c9d9b3f64c5a39c92293b2
.git/objects/1b/3996c8dd1c4adf8b04fff168ef02b039d4e9ab
.git/objects/1e/5b39a2f3ce542e31345f02927af12d56cfc57b
.git/objects/1e/d7f280928c9f12dd547a996109c9360229553b
.git/objects/28/151d2e59bd80eb23fbac4fcff7eb3989eff910
.git/objects/2e/c4e8e14e58c64f4b8158dfef84c9e365b2fa35
.git/objects/30/bb99c939784e0fb53f3670a834da5f65893f28
.git/objects/38/f16511a45f72380180c523790fabaf41752246
.git/objects/3a/171f1b3623d31a09506a4b4946819eda5b07bc
.git/objects/3e/326a0e43eeeaa29e79528735a99ecb4c8692c8
.git/objects/3e/5ab9d2ebd180175c620c37b36268643c951d76
.git/objects/40/2f12f560999fb059d7c2fb1a27da81e9e172f6
.git/objects/45/6c597d4080047c492421cc5562533ad6322882
.git/objects/4c/2603eafa771b164018f34dc67d83ebea174dcd
.git/objects/4f/051c315d9edef131210288bdaebc5ffc9b6bf3
.git/objects/74/00dfccfc5502e29dc63bbe63488216f3db2317
.git/objects/7f/7ff750d1e0805b79c89051989322696fa5deac
.git/objects/81/a95324a71f808552f95b33d62ef7125d956bb6
.git/objects/82/55f34aa39db5527bc2facc1d8ac19a88a59cd1
.git/objects/82/e8c001ba97ecde70534d42ff2f4bd78fd8349e
.git/objects/8c/98c40d504c56911ec7fb3f4a3de2545fe16f72
.git/objects/8d/e33959247a0e1a248e0e3c64ae962c62ae9ab8
.git/objects/91/fc5e0dcc8350b56e0d9f163c1ee06bc5f7c9c4
.git/objects/96/d788a5158301a5c2924fc076efa975cafab319
.git/objects/a2/85258e5b446af0565f2a2f46f47779bd1e8891
.git/objects/a4/017acd753c876c47335d36520f04946a4fd4fc
.git/objects/ac/93e2b15076e4e5f51778e82b7ef3f065c37f37
.git/objects/b6/6d8431031af430f1757fdfc52c27828de4b355
.git/objects/c1/5bc9c50284c6bfd96f8f739a9f5c9e670b7d6f
.git/objects/c8/063589a79b9f449d3bd0264f49cf50b61c0001
.git/objects/d0/8a534623c4a66311bfdda643a4fdee809d16b2
.git/objects/db/7183c4b7514647ef8aa8a8cfa070e02750a0c4
.git/objects/f0/e2616654e2cf729ae33797af972ff017846dca
.git/objects/f1/677bd7ace67735f2f7c0ff38de12638948b353
.git/objects/f3/22a0a1f0838079d76e0f36b1cdc1964d7f6097
.git/objects/f4/0e4d89b1eb3442cbdf534971d28ad9d5c77fef
.git/objects/pack/pack-e9026c88ecf2a4a5fa7a6c20da5eb24772e242f1.idx
.git/objects/pack/pack-e9026c88ecf2a4a5fa7a6c20da5eb24772e242f1.pack
.git/packed-refs
.git/refs/heads/main
.git/refs/remotes/origin/HEAD
.git/refs/remotes/origin/main
.gitignore
Makefile
cnf/lst/run.sh.exclude.lst
cnf/lst/run.sh.include.lst
cnf/lst/tpl-gen.exclude.lst
cnf/lst/tpl-gen.include.lst
lib/bash/funcs/export-json-section-vars.func.sh
lib/bash/funcs/flush-screen.func.sh
lib/bash/funcs/mac-install-bins.func.sh
lib/bash/funcs/manjaro-install-bins.func.sh
lib/bash/funcs/morph-dir.func.sh
lib/bash/funcs/oae.func.sh
lib/bash/funcs/parse-ini-section-vars.func.sh
lib/bash/funcs/read-conf-section.func.sh
lib/bash/funcs/require-var.func.sh
lib/bash/funcs/set-vars-on-alpine.func.sh
lib/bash/funcs/set-vars-on-mac.func.sh
lib/bash/funcs/set-vars-on-suse.func.sh
lib/bash/funcs/set-vars-on-ubuntu.func.sh
lib/bash/funcs/suse-install-bins.func.sh
lib/bash/funcs/test-helpers.sh
lib/bash/funcs/ubuntu-install-bins.func.sh
lib/bash/funcs/zip-me.func.sh
lib/make/check-git.func.mk
lib/make/demand-var.func.mk
lib/make/git.func.mk
lib/make/install-img.func.mk
lib/make/make-help.func.mk
lib/make/new-issue.func.mk
lib/make/prune-docker-system.func.mk
lib/make/zip-me.func.mk
lib/tpl/docker-task.mk
run
src/bash/run/check-install-poetry.func.sh
src/bash/run/check-install-py-modules.func.sh
src/bash/run/docker-init-tpl-gen.sh
src/bash/run/morph-dir.func.sh
src/bash/run/morph-module.func.sh
src/bash/run/print-usage.func.sh
src/bash/run/restart-container.func.sh
src/bash/run/run.sh
src/bash/run/scan-to-list-file.func.sh
src/bash/run/set-vars-on-alpine.func.sh
src/bash/run/set-vars-on-mac.func.sh
src/bash/run/set-vars-on-manjaro.func.sh
src/bash/run/set-vars-on-suse.func.sh
src/bash/run/set-vars-on-ubuntu.func.sh
src/bash/run/zip-me-as-module.func.sh
src/bash/run/zip-till-commit.func.sh
src/bash/scripts/export-aws-hosted-zone-into-file.sh
src/docker/tpl-gen/Dockerfile.arm64
src/docker/tpl-gen/Dockerfile.x86_64
src/make/install-img-tpl-gen.func.mk
src/make/local-run-tpl-gen.incl.mk
src/python/tpl-gen/.coveragerc
src/python/tpl-gen/.pylintrc
src/python/tpl-gen/console_utils/__init__.py
src/python/tpl-gen/console_utils/console_utils.py
src/python/tpl-gen/poetry.lock
src/python/tpl-gen/poetry.toml
src/python/tpl-gen/pyproject.toml
src/python/tpl-gen/pytest.ini
src/python/tpl-gen/tests/test_tpl_gen.py
src/python/tpl-gen/tpl_gen/__init__.py
src/python/tpl-gen/tpl_gen/tpl_gen.py
